3     0.000: rtksvrinit:
3 rtkinit :
3     0.006: strinit:
3     0.006: strinit:
3     0.006: strinit:
3     0.006: strinit:
3     0.006: strinit:
3     0.006: strinit:
3     0.006: strinit:
3     0.006: strinit:
3     0.006: strinit:
3     0.006: strinit:
3     0.006: strinit:
3     0.006: strinit:
3     0.006: strinit:
3     0.006: strinit:
3 resetsysopts:
3 loadopts: file=a-cpt/cpt.conf
3 searchopt: name=console-passwd
3 searchopt: name=console-timetype
3 searchopt: name=console-soltype
3 searchopt: name=console-solflag
3 searchopt: name=pos1-posmode
3 searchopt: name=pos1-frequency
3 searchopt: name=pos1-soltype
3 searchopt: name=pos1-elmask
3 searchopt: name=pos1-snrmask_r
3 searchopt: name=pos1-snrmask_b
3 searchopt: name=pos1-snrmask_L1
3 searchopt: name=pos1-snrmask_L2
3 searchopt: name=pos1-snrmask_L5
3 searchopt: name=pos1-dynamics
3 searchopt: name=pos1-tidecorr
3 searchopt: name=pos1-ionoopt
3 searchopt: name=pos1-tropopt
3 searchopt: name=pos1-sateph
3 searchopt: name=pos1-posopt1
3 searchopt: name=pos1-posopt2
3 searchopt: name=pos1-posopt3
3 searchopt: name=pos1-posopt4
3 searchopt: name=pos1-posopt5
3 searchopt: name=pos1-posopt6
3 searchopt: name=pos1-exclsats
3 searchopt: name=pos1-navsys
3 searchopt: name=pos1-adjobs
3 searchopt: name=pos1-eps
3 searchopt: name=pos1-gtfmt
3 searchopt: name=pos2-armode
3 searchopt: name=pos2-gloarmode
3 searchopt: name=pos2-bdsarmode
3 searchopt: name=pos2-arthres
3 searchopt: name=pos2-arthres1
3 searchopt: name=pos2-arthres2
3 searchopt: name=pos2-arthres3
3 searchopt: name=pos2-arthres4
3 searchopt: name=pos2-arlockcnt
3 searchopt: name=pos2-arelmask
3 searchopt: name=pos2-arminfix
3 searchopt: name=pos2-arminfixwl
3 searchopt: name=pos2-armaxiter
3 searchopt: name=pos2-elmaskhold
3 searchopt: name=pos2-aroutcnt
3 searchopt: name=pos2-maxage
3 searchopt: name=pos2-syncsol
3 searchopt: name=pos2-slipthres
3 searchopt: name=pos2-rejionno
3 searchopt: name=pos2-rejgdop
3 searchopt: name=pos2-niter
3 searchopt: name=pos2-baselen
3 searchopt: name=pos2-basesig
3 searchopt: name=out-solformat
3 searchopt: name=out-outhead
3 searchopt: name=out-outopt
3 searchopt: name=out-timesys
3 searchopt: name=out-timeform
3 searchopt: name=out-timendec
3 searchopt: name=out-degform
3 searchopt: name=out-fieldsep
3 searchopt: name=out-outsingle
3 searchopt: name=out-maxsolstd
3 searchopt: name=out-height
3 searchopt: name=out-geoid
3 searchopt: name=out-solstatic
3 searchopt: name=out-nmeaintv1
3 searchopt: name=out-nmeaintv2
3 searchopt: name=out-outstat
3 searchopt: name=out-att
3 searchopt: name=out-acc
3 searchopt: name=out-vel
3 searchopt: name=out-vb
3 searchopt: name=out-ba
3 searchopt: name=out-bg
3 searchopt: name=out-inspof
3 searchopt: name=out-imuraw
3 searchopt: name=out-spoofing
3 searchopt: name=spoofing-detector
3 searchopt: name=windowed_size
3 searchopt: name=stats-eratio1
3 searchopt: name=stats-eratio2
3 searchopt: name=stats-errphase
3 searchopt: name=stats-errphaseel
3 searchopt: name=stats-errphasebl
3 searchopt: name=stats-errdoppler
3 searchopt: name=stats-stdbias
3 searchopt: name=stats-stdiono
3 searchopt: name=stats-stdtrop
3 searchopt: name=stats-prnaccelh
3 searchopt: name=stats-prnaccelv
3 searchopt: name=stats-prnbias
3 searchopt: name=stats-prniono
3 searchopt: name=stats-prntrop
3 searchopt: name=stats-prnpos
3 searchopt: name=stats-clkstab
3 searchopt: name=ant1-postype
3 searchopt: name=ant1-pos1
3 searchopt: name=ant1-pos2
3 searchopt: name=ant1-pos3
3 searchopt: name=ant1-anttype
3 searchopt: name=ant1-antdele
3 searchopt: name=ant1-antdeln
3 searchopt: name=ant1-antdelu
3 searchopt: name=ant2-postype
3 searchopt: name=ant2-pos1
3 searchopt: name=ant2-pos2
3 searchopt: name=ant2-pos3
3 searchopt: name=ant2-anttype
3 searchopt: name=ant2-antdele
3 searchopt: name=ant2-antdeln
3 searchopt: name=ant2-antdelu
3 searchopt: name=ant2-maxaveep
3 searchopt: name=ant2-initrst
3 searchopt: name=misc-timeinterp
3 searchopt: name=misc-sbasatsel
3 searchopt: name=misc-rnxopt1
3 searchopt: name=misc-rnxopt2
3 searchopt: name=misc-pppopt
3 searchopt: name=file-satantfile
3 searchopt: name=file-rcvantfile
3 searchopt: name=file-staposfile
3 searchopt: name=file-geoidfile
3 searchopt: name=file-ionofile
3 searchopt: name=file-dcbfile
3 searchopt: name=file-eopfile
3 searchopt: name=file-blqfile
3 searchopt: name=file-tempdir
3 searchopt: name=file-geexefile
3 searchopt: name=file-solstatfile
3 searchopt: name=file-file
3 searchopt: name=file-navfile
3 searchopt: name=file-bdsfile
3 searchopt: name=file-monodir
3 searchopt: name=file-gtfile
3 searchopt: name=inpstr1-type
3 searchopt: name=inpstr2-type
3 searchopt: name=inpstr3-type
3 searchopt: name=inpstr4-type
3 searchopt: name=inpstr5-type
3 searchopt: name=inpstr6-type
3 searchopt: name=inpstr7-type
3 searchopt: name=inpstr1-path
3 searchopt: name=inpstr2-path
3 searchopt: name=inpstr4-path
3 searchopt: name=inpstr5-path
3 searchopt: name=inpstr6-path
3 searchopt: name=inpstr7-path
3 searchopt: name=inpstr1-format
3 searchopt: name=inpstr2-format
3 searchopt: name=inpstr3-format
3 searchopt: name=inpstr4-format
3 searchopt: name=inpstr5-format
3 searchopt: name=inpstr6-format
3 searchopt: name=inpstr7-format
3 searchopt: name=inpstr2-nmeareq
3 searchopt: name=inpstr2-nmealat
3 searchopt: name=inpstr2-nmealon
3 searchopt: name=outstr1-type
3 searchopt: name=outstr2-type
3 searchopt: name=outstr1-path
3 searchopt: name=outstr2-path
3 searchopt: name=outstr1-format
3 searchopt: name=outstr2-format
3 searchopt: name=logstr1-type
3 searchopt: name=logstr2-type
3 searchopt: name=logstr3-type
3 searchopt: name=logstr4-type
3 searchopt: name=logstr5-type
3 searchopt: name=logstr1-path
3 searchopt: name=logstr2-path
3 searchopt: name=logstr3-path
3 searchopt: name=logstr4-path
3 searchopt: name=logstr5-path
3 searchopt: name=misc-svrcycle
3 searchopt: name=misc-timeout
3 searchopt: name=misc-reconnect
3 searchopt: name=misc-nmeacycle
3 searchopt: name=misc-buffsize
3 searchopt: name=misc-navmsgsel
3 searchopt: name=misc-proxyaddr
3 searchopt: name=misc-fswapmargin
3 searchopt: name=ins-leverarm1
3 searchopt: name=ins-leverarm2
3 searchopt: name=ins-leverarm3
3 searchopt: name=ins-gravityex
3 searchopt: name=ins-updint
3 searchopt: name=ins-baopt
3 searchopt: name=ins-bgopt
3 searchopt: name=ins-estsg
3 searchopt: name=ins-estsa
3 searchopt: name=ins-estdt
3 searchopt: name=ins-estrg
3 searchopt: name=ins-estra
3 searchopt: name=ins-estlever
3 searchopt: name=ins-estodos
3 searchopt: name=ins-estodoa
3 searchopt: name=ins-estodol
3 searchopt: name=ins-estmisv
3 searchopt: name=ins-baproopt
3 searchopt: name=ins-bgproopt
3 searchopt: name=ins-sgproopt
3 searchopt: name=ins-saproopt
3 searchopt: name=ins-dtproopt
3 searchopt: name=ins-rgproopt
3 searchopt: name=ins-raproopt
3 searchopt: name=ins-osproopt
3 searchopt: name=ins-olproopt
3 searchopt: name=ins-oaproopt
3 searchopt: name=ins-cmaopt
3 searchopt: name=ins-vmaopt
3 searchopt: name=ins-imuformat
3 searchopt: name=ins-imudecfmt
3 searchopt: name=ins-imucoors
3 searchopt: name=ins-imuvalfmt
3 searchopt: name=ins-exprn
3 searchopt: name=ins-exphi
3 searchopt: name=ins-exvm
3 searchopt: name=ins-iisu
3 searchopt: name=ins-istat
3 searchopt: name=ins-nhc
3 searchopt: name=ins-zvu
3 searchopt: name=ins-zaru
3 searchopt: name=ins-detst
3 searchopt: name=ins-tc
3 searchopt: name=ins-lc
3 searchopt: name=ins-doppler
3 searchopt: name=ins-intpref
3 searchopt: name=ins-minp
3 searchopt: name=ins-hz
3 searchopt: name=ins-nhz
3 searchopt: name=ins-lcopt
3 searchopt: name=ins-usecam
3 searchopt: name=ins-pose-aid
3 searchopt: name=ins-align-dualant
3 searchopt: name=ins-mis-v2b-euler1
3 searchopt: name=ins-mis-v2b-euler2
3 searchopt: name=ins-mis-v2b-euler3
3 searchopt: name=ins-uncatt
3 searchopt: name=ins-uncvel
3 searchopt: name=ins-uncpos
3 searchopt: name=ins-uncba
3 searchopt: name=ins-uncbg
3 searchopt: name=ins-uncdt
3 searchopt: name=ins-uncsg
3 searchopt: name=ins-uncsa
3 searchopt: name=ins-uncrg
3 searchopt: name=ins-uncra
3 searchopt: name=ins-unclever
3 searchopt: name=ins-uncos
3 searchopt: name=ins-uncoa
3 searchopt: name=ins-uncol
3 searchopt: name=ins-uncrr
3 searchopt: name=ins-uncrc
3 searchopt: name=ins-uncma
3 searchopt: name=ins-unvma
3 searchopt: name=ins-psd_gyro
3 searchopt: name=ins-psd_accl
3 searchopt: name=ins-psd_ba
3 searchopt: name=ins-psd_bg
3 searchopt: name=ins-psd_dt
3 searchopt: name=ins-psd_sg
3 searchopt: name=ins-psd_sa
3 searchopt: name=ins-psd_ra
3 searchopt: name=ins-psd_rg
3 searchopt: name=ins-psd_os
3 searchopt: name=ins-psd_oa
3 searchopt: name=ins-psd_ol
3 searchopt: name=ins-psd_clk
3 searchopt: name=ins-psd_clkr
3 searchopt: name=ins-psd_cma
3 searchopt: name=ins-psd_vma
3 searchopt: name=ins-zv_mt
3 searchopt: name=ins-zv_ws
3 searchopt: name=ins-zv_sp
3 searchopt: name=ins-zv_odt
3 searchopt: name=ins-zv_gthres
3 searchopt: name=ins-zv_athres1
3 searchopt: name=ins-zv_athres2
3 searchopt: name=ins-zv_athres3
3 searchopt: name=ins-zv_gyrothres1
3 searchopt: name=ins-zv_gyrothres2
3 searchopt: name=ins-zv_gyrothres3
3 searchopt: name=ins-zv_siga
3 searchopt: name=ins-zv_sigg
3 searchopt: name=ins-zv_gamma1
3 searchopt: name=ins-zv_gamma2
3 searchopt: name=ins-zv_gamma3
3 searchopt: name=ins-zv_gamma4
3 searchopt: name=ins-odo_dir
3 searchopt: name=ins-odo_all
3 searchopt: name=ins-odo_res
3 searchopt: name=ins-odo_s
3 searchopt: name=ins-odo_d
3 searchopt: name=ins-odo_odt
3 searchopt: name=ins-odo_ostd
3 searchopt: name=ins-odo_lever1
3 searchopt: name=ins-odo_lever2
3 searchopt: name=ins-odo_lever3
3 searchopt: name=ins-vo-aid-calib-f
3 searchopt: name=ins-vo-aid-calib-fu
3 searchopt: name=ins-vo-aid-calib-fv
3 searchopt: name=ins-vo-aid-calib-cu
3 searchopt: name=ins-vo-aid-calib-cv
3 searchopt: name=ins-vo-aid-height
3 searchopt: name=ins-vo-aid-inlier-thres
3 searchopt: name=ins-vo-aid-motion-thres
3 searchopt: name=ins-vo-aid-ransac-iters
3 searchopt: name=ins-vo-aid-lever1
3 searchopt: name=ins-vo-aid-lever2
3 searchopt: name=ins-vo-aid-lever3
3 searchopt: name=ins-vo-aid-rpy1
3 searchopt: name=ins-vo-aid-rpy2
3 searchopt: name=ins-vo-aid-rpy3
3 searchopt: name=ins-vo-aid-mode
3 searchopt: name=ins-vo-aid-bucket-w
3 searchopt: name=ins-vo-aid-bucket-h
3 searchopt: name=ins-vo-aid-bucket-nmax
3 loadopts: file=a-cpt/cpt.conf
3 searchopt: name=console-passwd
3 searchopt: name=console-timetype
3 searchopt: name=console-soltype
3 searchopt: name=console-solflag
3 searchopt: name=pos1-posmode
3 searchopt: name=pos1-frequency
3 searchopt: name=pos1-soltype
3 searchopt: name=pos1-elmask
3 searchopt: name=pos1-snrmask_r
3 searchopt: name=pos1-snrmask_b
3 searchopt: name=pos1-snrmask_L1
3 searchopt: name=pos1-snrmask_L2
3 searchopt: name=pos1-snrmask_L5
3 searchopt: name=pos1-dynamics
3 searchopt: name=pos1-tidecorr
3 searchopt: name=pos1-ionoopt
3 searchopt: name=pos1-tropopt
3 searchopt: name=pos1-sateph
3 searchopt: name=pos1-posopt1
3 searchopt: name=pos1-posopt2
3 searchopt: name=pos1-posopt3
3 searchopt: name=pos1-posopt4
3 searchopt: name=pos1-posopt5
3 searchopt: name=pos1-posopt6
3 searchopt: name=pos1-exclsats
3 searchopt: name=pos1-navsys
3 searchopt: name=pos1-adjobs
3 searchopt: name=pos1-eps
3 searchopt: name=pos1-gtfmt
3 searchopt: name=pos2-armode
3 searchopt: name=pos2-gloarmode
3 searchopt: name=pos2-bdsarmode
3 searchopt: name=pos2-arthres
3 searchopt: name=pos2-arthres1
3 searchopt: name=pos2-arthres2
3 searchopt: name=pos2-arthres3
3 searchopt: name=pos2-arthres4
3 searchopt: name=pos2-arlockcnt
3 searchopt: name=pos2-arelmask
3 searchopt: name=pos2-arminfix
3 searchopt: name=pos2-arminfixwl
3 searchopt: name=pos2-armaxiter
3 searchopt: name=pos2-elmaskhold
3 searchopt: name=pos2-aroutcnt
3 searchopt: name=pos2-maxage
3 searchopt: name=pos2-syncsol
3 searchopt: name=pos2-slipthres
3 searchopt: name=pos2-rejionno
3 searchopt: name=pos2-rejgdop
3 searchopt: name=pos2-niter
3 searchopt: name=pos2-baselen
3 searchopt: name=pos2-basesig
3 searchopt: name=out-solformat
3 searchopt: name=out-outhead
3 searchopt: name=out-outopt
3 searchopt: name=out-timesys
3 searchopt: name=out-timeform
3 searchopt: name=out-timendec
3 searchopt: name=out-degform
3 searchopt: name=out-fieldsep
3 searchopt: name=out-outsingle
3 searchopt: name=out-maxsolstd
3 searchopt: name=out-height
3 searchopt: name=out-geoid
3 searchopt: name=out-solstatic
3 searchopt: name=out-nmeaintv1
3 searchopt: name=out-nmeaintv2
3 searchopt: name=out-outstat
3 searchopt: name=out-att
3 searchopt: name=out-acc
3 searchopt: name=out-vel
3 searchopt: name=out-vb
3 searchopt: name=out-ba
3 searchopt: name=out-bg
3 searchopt: name=out-inspof
3 searchopt: name=out-imuraw
3 searchopt: name=out-spoofing
3 searchopt: name=spoofing-detector
3 searchopt: name=windowed_size
3 searchopt: name=stats-eratio1
3 searchopt: name=stats-eratio2
3 searchopt: name=stats-errphase
3 searchopt: name=stats-errphaseel
3 searchopt: name=stats-errphasebl
3 searchopt: name=stats-errdoppler
3 searchopt: name=stats-stdbias
3 searchopt: name=stats-stdiono
3 searchopt: name=stats-stdtrop
3 searchopt: name=stats-prnaccelh
3 searchopt: name=stats-prnaccelv
3 searchopt: name=stats-prnbias
3 searchopt: name=stats-prniono
3 searchopt: name=stats-prntrop
3 searchopt: name=stats-prnpos
3 searchopt: name=stats-clkstab
3 searchopt: name=ant1-postype
3 searchopt: name=ant1-pos1
3 searchopt: name=ant1-pos2
3 searchopt: name=ant1-pos3
3 searchopt: name=ant1-anttype
3 searchopt: name=ant1-antdele
3 searchopt: name=ant1-antdeln
3 searchopt: name=ant1-antdelu
3 searchopt: name=ant2-postype
3 searchopt: name=ant2-pos1
3 searchopt: name=ant2-pos2
3 searchopt: name=ant2-pos3
3 searchopt: name=ant2-anttype
3 searchopt: name=ant2-antdele
3 searchopt: name=ant2-antdeln
3 searchopt: name=ant2-antdelu
3 searchopt: name=ant2-maxaveep
3 searchopt: name=ant2-initrst
3 searchopt: name=misc-timeinterp
3 searchopt: name=misc-sbasatsel
3 searchopt: name=misc-rnxopt1
3 searchopt: name=misc-rnxopt2
3 searchopt: name=misc-pppopt
3 searchopt: name=file-satantfile
3 searchopt: name=file-rcvantfile
3 searchopt: name=file-staposfile
3 searchopt: name=file-geoidfile
3 searchopt: name=file-ionofile
3 searchopt: name=file-dcbfile
3 searchopt: name=file-eopfile
3 searchopt: name=file-blqfile
3 searchopt: name=file-tempdir
3 searchopt: name=file-geexefile
3 searchopt: name=file-solstatfile
3 searchopt: name=file-file
3 searchopt: name=file-navfile
3 searchopt: name=file-bdsfile
3 searchopt: name=file-monodir
3 searchopt: name=file-gtfile
3 searchopt: name=inpstr1-type
3 searchopt: name=inpstr2-type
3 searchopt: name=inpstr3-type
3 searchopt: name=inpstr4-type
3 searchopt: name=inpstr5-type
3 searchopt: name=inpstr6-type
3 searchopt: name=inpstr7-type
3 searchopt: name=inpstr1-path
3 searchopt: name=inpstr2-path
3 searchopt: name=inpstr4-path
3 searchopt: name=inpstr5-path
3 searchopt: name=inpstr6-path
3 searchopt: name=inpstr7-path
3 searchopt: name=inpstr1-format
3 searchopt: name=inpstr2-format
3 searchopt: name=inpstr3-format
3 searchopt: name=inpstr4-format
3 searchopt: name=inpstr5-format
3 searchopt: name=inpstr6-format
3 searchopt: name=inpstr7-format
3 searchopt: name=inpstr2-nmeareq
3 searchopt: name=inpstr2-nmealat
3 searchopt: name=inpstr2-nmealon
3 searchopt: name=outstr1-type
3 searchopt: name=outstr2-type
3 searchopt: name=outstr1-path
3 searchopt: name=outstr2-path
3 searchopt: name=outstr1-format
3 searchopt: name=outstr2-format
3 searchopt: name=logstr1-type
3 searchopt: name=logstr2-type
3 searchopt: name=logstr3-type
3 searchopt: name=logstr4-type
3 searchopt: name=logstr5-type
3 searchopt: name=logstr1-path
3 searchopt: name=logstr2-path
3 searchopt: name=logstr3-path
3 searchopt: name=logstr4-path
3 searchopt: name=logstr5-path
3 searchopt: name=misc-svrcycle
3 searchopt: name=misc-timeout
3 searchopt: name=misc-reconnect
3 searchopt: name=misc-nmeacycle
3 searchopt: name=misc-buffsize
3 searchopt: name=misc-navmsgsel
3 searchopt: name=misc-proxyaddr
3 searchopt: name=misc-fswapmargin
3 searchopt: name=ins-leverarm1
3 searchopt: name=ins-leverarm2
3 searchopt: name=ins-leverarm3
3 searchopt: name=ins-gravityex
3 searchopt: name=ins-updint
3 searchopt: name=ins-baopt
3 searchopt: name=ins-bgopt
3 searchopt: name=ins-estsg
3 searchopt: name=ins-estsa
3 searchopt: name=ins-estdt
3 searchopt: name=ins-estrg
3 searchopt: name=ins-estra
3 searchopt: name=ins-estlever
3 searchopt: name=ins-estodos
3 searchopt: name=ins-estodoa
3 searchopt: name=ins-estodol
3 searchopt: name=ins-estmisv
3 searchopt: name=ins-baproopt
3 searchopt: name=ins-bgproopt
3 searchopt: name=ins-sgproopt
3 searchopt: name=ins-saproopt
3 searchopt: name=ins-dtproopt
3 searchopt: name=ins-rgproopt
3 searchopt: name=ins-raproopt
3 searchopt: name=ins-osproopt
3 searchopt: name=ins-olproopt
3 searchopt: name=ins-oaproopt
3 searchopt: name=ins-cmaopt
3 searchopt: name=ins-vmaopt
3 searchopt: name=ins-imuformat
3 searchopt: name=ins-imudecfmt
3 searchopt: name=ins-imucoors
3 searchopt: name=ins-imuvalfmt
3 searchopt: name=ins-exprn
3 searchopt: name=ins-exphi
3 searchopt: name=ins-exvm
3 searchopt: name=ins-iisu
3 searchopt: name=ins-istat
3 searchopt: name=ins-nhc
3 searchopt: name=ins-zvu
3 searchopt: name=ins-zaru
3 searchopt: name=ins-detst
3 searchopt: name=ins-tc
3 searchopt: name=ins-lc
3 searchopt: name=ins-doppler
3 searchopt: name=ins-intpref
3 searchopt: name=ins-minp
3 searchopt: name=ins-hz
3 searchopt: name=ins-nhz
3 searchopt: name=ins-lcopt
3 searchopt: name=ins-usecam
3 searchopt: name=ins-pose-aid
3 searchopt: name=ins-align-dualant
3 searchopt: name=ins-mis-v2b-euler1
3 searchopt: name=ins-mis-v2b-euler2
3 searchopt: name=ins-mis-v2b-euler3
3 searchopt: name=ins-uncatt
3 searchopt: name=ins-uncvel
3 searchopt: name=ins-uncpos
3 searchopt: name=ins-uncba
3 searchopt: name=ins-uncbg
3 searchopt: name=ins-uncdt
3 searchopt: name=ins-uncsg
3 searchopt: name=ins-uncsa
3 searchopt: name=ins-uncrg
3 searchopt: name=ins-uncra
3 searchopt: name=ins-unclever
3 searchopt: name=ins-uncos
3 searchopt: name=ins-uncoa
3 searchopt: name=ins-uncol
3 searchopt: name=ins-uncrr
3 searchopt: name=ins-uncrc
3 searchopt: name=ins-uncma
3 searchopt: name=ins-unvma
3 searchopt: name=ins-psd_gyro
3 searchopt: name=ins-psd_accl
3 searchopt: name=ins-psd_ba
3 searchopt: name=ins-psd_bg
3 searchopt: name=ins-psd_dt
3 searchopt: name=ins-psd_sg
3 searchopt: name=ins-psd_sa
3 searchopt: name=ins-psd_ra
3 searchopt: name=ins-psd_rg
3 searchopt: name=ins-psd_os
3 searchopt: name=ins-psd_oa
3 searchopt: name=ins-psd_ol
3 searchopt: name=ins-psd_clk
3 searchopt: name=ins-psd_clkr
3 searchopt: name=ins-psd_cma
3 searchopt: name=ins-psd_vma
3 searchopt: name=ins-zv_mt
3 searchopt: name=ins-zv_ws
3 searchopt: name=ins-zv_sp
3 searchopt: name=ins-zv_odt
3 searchopt: name=ins-zv_gthres
3 searchopt: name=ins-zv_athres1
3 searchopt: name=ins-zv_athres2
3 searchopt: name=ins-zv_athres3
3 searchopt: name=ins-zv_gyrothres1
3 searchopt: name=ins-zv_gyrothres2
3 searchopt: name=ins-zv_gyrothres3
3 searchopt: name=ins-zv_siga
3 searchopt: name=ins-zv_sigg
3 searchopt: name=ins-zv_gamma1
3 searchopt: name=ins-zv_gamma2
3 searchopt: name=ins-zv_gamma3
3 searchopt: name=ins-zv_gamma4
3 searchopt: name=ins-odo_dir
3 searchopt: name=ins-odo_all
3 searchopt: name=ins-odo_res
3 searchopt: name=ins-odo_s
3 searchopt: name=ins-odo_d
3 searchopt: name=ins-odo_odt
3 searchopt: name=ins-odo_ostd
3 searchopt: name=ins-odo_lever1
3 searchopt: name=ins-odo_lever2
3 searchopt: name=ins-odo_lever3
3 searchopt: name=ins-vo-aid-calib-f
3 searchopt: name=ins-vo-aid-calib-fu
3 searchopt: name=ins-vo-aid-calib-fv
3 searchopt: name=ins-vo-aid-calib-cu
3 searchopt: name=ins-vo-aid-calib-cv
3 searchopt: name=ins-vo-aid-height
3 searchopt: name=ins-vo-aid-inlier-thres
3 searchopt: name=ins-vo-aid-motion-thres
3 searchopt: name=ins-vo-aid-ransac-iters
3 searchopt: name=ins-vo-aid-lever1
3 searchopt: name=ins-vo-aid-lever2
3 searchopt: name=ins-vo-aid-lever3
3 searchopt: name=ins-vo-aid-rpy1
3 searchopt: name=ins-vo-aid-rpy2
3 searchopt: name=ins-vo-aid-rpy3
3 searchopt: name=ins-vo-aid-mode
3 searchopt: name=ins-vo-aid-bucket-w
3 searchopt: name=ins-vo-aid-bucket-h
3 searchopt: name=ins-vo-aid-bucket-nmax
3 loadopts: file=a-cpt/cpt.conf
3 searchopt: name=console-passwd
3 searchopt: name=console-timetype
3 searchopt: name=console-soltype
3 searchopt: name=console-solflag
3 searchopt: name=pos1-posmode
3 searchopt: name=pos1-frequency
3 searchopt: name=pos1-soltype
3 searchopt: name=pos1-elmask
3 searchopt: name=pos1-snrmask_r
3 searchopt: name=pos1-snrmask_b
3 searchopt: name=pos1-snrmask_L1
3 searchopt: name=pos1-snrmask_L2
3 searchopt: name=pos1-snrmask_L5
3 searchopt: name=pos1-dynamics
3 searchopt: name=pos1-tidecorr
3 searchopt: name=pos1-ionoopt
3 searchopt: name=pos1-tropopt
3 searchopt: name=pos1-sateph
3 searchopt: name=pos1-posopt1
3 searchopt: name=pos1-posopt2
3 searchopt: name=pos1-posopt3
3 searchopt: name=pos1-posopt4
3 searchopt: name=pos1-posopt5
3 searchopt: name=pos1-posopt6
3 searchopt: name=pos1-exclsats
3 searchopt: name=pos1-navsys
3 searchopt: name=pos1-adjobs
3 searchopt: name=pos1-eps
3 searchopt: name=pos1-gtfmt
3 searchopt: name=pos2-armode
3 searchopt: name=pos2-gloarmode
3 searchopt: name=pos2-bdsarmode
3 searchopt: name=pos2-arthres
3 searchopt: name=pos2-arthres1
3 searchopt: name=pos2-arthres2
3 searchopt: name=pos2-arthres3
3 searchopt: name=pos2-arthres4
3 searchopt: name=pos2-arlockcnt
3 searchopt: name=pos2-arelmask
3 searchopt: name=pos2-arminfix
3 searchopt: name=pos2-arminfixwl
3 searchopt: name=pos2-armaxiter
3 searchopt: name=pos2-elmaskhold
3 searchopt: name=pos2-aroutcnt
3 searchopt: name=pos2-maxage
3 searchopt: name=pos2-syncsol
3 searchopt: name=pos2-slipthres
3 searchopt: name=pos2-rejionno
3 searchopt: name=pos2-rejgdop
3 searchopt: name=pos2-niter
3 searchopt: name=pos2-baselen
3 searchopt: name=pos2-basesig
3 searchopt: name=out-solformat
3 searchopt: name=out-outhead
3 searchopt: name=out-outopt
3 searchopt: name=out-timesys
3 searchopt: name=out-timeform
3 searchopt: name=out-timendec
3 searchopt: name=out-degform
3 searchopt: name=out-fieldsep
3 searchopt: name=out-outsingle
3 searchopt: name=out-maxsolstd
3 searchopt: name=out-height
3 searchopt: name=out-geoid
3 searchopt: name=out-solstatic
3 searchopt: name=out-nmeaintv1
3 searchopt: name=out-nmeaintv2
3 searchopt: name=out-outstat
3 searchopt: name=out-att
3 searchopt: name=out-acc
3 searchopt: name=out-vel
3 searchopt: name=out-vb
3 searchopt: name=out-ba
3 searchopt: name=out-bg
3 searchopt: name=out-inspof
3 searchopt: name=out-imuraw
3 searchopt: name=out-spoofing
3 searchopt: name=spoofing-detector
3 searchopt: name=windowed_size
3 searchopt: name=stats-eratio1
3 searchopt: name=stats-eratio2
3 searchopt: name=stats-errphase
3 searchopt: name=stats-errphaseel
3 searchopt: name=stats-errphasebl
3 searchopt: name=stats-errdoppler
3 searchopt: name=stats-stdbias
3 searchopt: name=stats-stdiono
3 searchopt: name=stats-stdtrop
3 searchopt: name=stats-prnaccelh
3 searchopt: name=stats-prnaccelv
3 searchopt: name=stats-prnbias
3 searchopt: name=stats-prniono
3 searchopt: name=stats-prntrop
3 searchopt: name=stats-prnpos
3 searchopt: name=stats-clkstab
3 searchopt: name=ant1-postype
3 searchopt: name=ant1-pos1
3 searchopt: name=ant1-pos2
3 searchopt: name=ant1-pos3
3 searchopt: name=ant1-anttype
3 searchopt: name=ant1-antdele
3 searchopt: name=ant1-antdeln
3 searchopt: name=ant1-antdelu
3 searchopt: name=ant2-postype
3 searchopt: name=ant2-pos1
3 searchopt: name=ant2-pos2
3 searchopt: name=ant2-pos3
3 searchopt: name=ant2-anttype
3 searchopt: name=ant2-antdele
3 searchopt: name=ant2-antdeln
3 searchopt: name=ant2-antdelu
3 searchopt: name=ant2-maxaveep
3 searchopt: name=ant2-initrst
3 searchopt: name=misc-timeinterp
3 searchopt: name=misc-sbasatsel
3 searchopt: name=misc-rnxopt1
3 searchopt: name=misc-rnxopt2
3 searchopt: name=misc-pppopt
3 searchopt: name=file-satantfile
3 searchopt: name=file-rcvantfile
3 searchopt: name=file-staposfile
3 searchopt: name=file-geoidfile
3 searchopt: name=file-ionofile
3 searchopt: name=file-dcbfile
3 searchopt: name=file-eopfile
3 searchopt: name=file-blqfile
3 searchopt: name=file-tempdir
3 searchopt: name=file-geexefile
3 searchopt: name=file-solstatfile
3 searchopt: name=file-file
3 searchopt: name=file-navfile
3 searchopt: name=file-bdsfile
3 searchopt: name=file-monodir
3 searchopt: name=file-gtfile
3 searchopt: name=inpstr1-type
3 searchopt: name=inpstr2-type
3 searchopt: name=inpstr3-type
3 searchopt: name=inpstr4-type
3 searchopt: name=inpstr5-type
3 searchopt: name=inpstr6-type
3 searchopt: name=inpstr7-type
3 searchopt: name=inpstr1-path
3 searchopt: name=inpstr2-path
3 searchopt: name=inpstr4-path
3 searchopt: name=inpstr5-path
3 searchopt: name=inpstr6-path
3 searchopt: name=inpstr7-path
3 searchopt: name=inpstr1-format
3 searchopt: name=inpstr2-format
3 searchopt: name=inpstr3-format
3 searchopt: name=inpstr4-format
3 searchopt: name=inpstr5-format
3 searchopt: name=inpstr6-format
3 searchopt: name=inpstr7-format
3 searchopt: name=inpstr2-nmeareq
3 searchopt: name=inpstr2-nmealat
3 searchopt: name=inpstr2-nmealon
3 searchopt: name=outstr1-type
3 searchopt: name=outstr2-type
3 searchopt: name=outstr1-path
3 searchopt: name=outstr2-path
3 searchopt: name=outstr1-format
3 searchopt: name=outstr2-format
3 searchopt: name=logstr1-type
3 searchopt: name=logstr2-type
3 searchopt: name=logstr3-type
3 searchopt: name=logstr4-type
3 searchopt: name=logstr5-type
3 searchopt: name=logstr1-path
3 searchopt: name=logstr2-path
3 searchopt: name=logstr3-path
3 searchopt: name=logstr4-path
3 searchopt: name=logstr5-path
3 searchopt: name=misc-svrcycle
3 searchopt: name=misc-timeout
3 searchopt: name=misc-reconnect
3 searchopt: name=misc-nmeacycle
3 searchopt: name=misc-buffsize
3 searchopt: name=misc-navmsgsel
3 searchopt: name=misc-proxyaddr
3 searchopt: name=misc-fswapmargin
3 searchopt: name=ins-leverarm1
3 searchopt: name=ins-leverarm2
3 searchopt: name=ins-leverarm3
3 searchopt: name=ins-gravityex
3 searchopt: name=ins-updint
3 searchopt: name=ins-baopt
3 searchopt: name=ins-bgopt
3 searchopt: name=ins-estsg
3 searchopt: name=ins-estsa
3 searchopt: name=ins-estdt
3 searchopt: name=ins-estrg
3 searchopt: name=ins-estra
3 searchopt: name=ins-estlever
3 searchopt: name=ins-estodos
3 searchopt: name=ins-estodoa
3 searchopt: name=ins-estodol
3 searchopt: name=ins-estmisv
3 searchopt: name=ins-baproopt
3 searchopt: name=ins-bgproopt
3 searchopt: name=ins-sgproopt
3 searchopt: name=ins-saproopt
3 searchopt: name=ins-dtproopt
3 searchopt: name=ins-rgproopt
3 searchopt: name=ins-raproopt
3 searchopt: name=ins-osproopt
3 searchopt: name=ins-olproopt
3 searchopt: name=ins-oaproopt
3 searchopt: name=ins-cmaopt
3 searchopt: name=ins-vmaopt
3 searchopt: name=ins-imuformat
3 searchopt: name=ins-imudecfmt
3 searchopt: name=ins-imucoors
3 searchopt: name=ins-imuvalfmt
3 searchopt: name=ins-exprn
3 searchopt: name=ins-exphi
3 searchopt: name=ins-exvm
3 searchopt: name=ins-iisu
3 searchopt: name=ins-istat
3 searchopt: name=ins-nhc
3 searchopt: name=ins-zvu
3 searchopt: name=ins-zaru
3 searchopt: name=ins-detst
3 searchopt: name=ins-tc
3 searchopt: name=ins-lc
3 searchopt: name=ins-doppler
3 searchopt: name=ins-intpref
3 searchopt: name=ins-minp
3 searchopt: name=ins-hz
3 searchopt: name=ins-nhz
3 searchopt: name=ins-lcopt
3 searchopt: name=ins-usecam
3 searchopt: name=ins-pose-aid
3 searchopt: name=ins-align-dualant
3 searchopt: name=ins-mis-v2b-euler1
3 searchopt: name=ins-mis-v2b-euler2
3 searchopt: name=ins-mis-v2b-euler3
3 searchopt: name=ins-uncatt
3 searchopt: name=ins-uncvel
3 searchopt: name=ins-uncpos
3 searchopt: name=ins-uncba
3 searchopt: name=ins-uncbg
3 searchopt: name=ins-uncdt
3 searchopt: name=ins-uncsg
3 searchopt: name=ins-uncsa
3 searchopt: name=ins-uncrg
3 searchopt: name=ins-uncra
3 searchopt: name=ins-unclever
3 searchopt: name=ins-uncos
3 searchopt: name=ins-uncoa
3 searchopt: name=ins-uncol
3 searchopt: name=ins-uncrr
3 searchopt: name=ins-uncrc
3 searchopt: name=ins-uncma
3 searchopt: name=ins-unvma
3 searchopt: name=ins-psd_gyro
3 searchopt: name=ins-psd_accl
3 searchopt: name=ins-psd_ba
3 searchopt: name=ins-psd_bg
3 searchopt: name=ins-psd_dt
3 searchopt: name=ins-psd_sg
3 searchopt: name=ins-psd_sa
3 searchopt: name=ins-psd_ra
3 searchopt: name=ins-psd_rg
3 searchopt: name=ins-psd_os
3 searchopt: name=ins-psd_oa
3 searchopt: name=ins-psd_ol
3 searchopt: name=ins-psd_clk
3 searchopt: name=ins-psd_clkr
3 searchopt: name=ins-psd_cma
3 searchopt: name=ins-psd_vma
3 searchopt: name=ins-zv_mt
3 searchopt: name=ins-zv_ws
3 searchopt: name=ins-zv_sp
3 searchopt: name=ins-zv_odt
3 searchopt: name=ins-zv_gthres
3 searchopt: name=ins-zv_athres1
3 searchopt: name=ins-zv_athres2
3 searchopt: name=ins-zv_athres3
3 searchopt: name=ins-zv_gyrothres1
3 searchopt: name=ins-zv_gyrothres2
3 searchopt: name=ins-zv_gyrothres3
3 searchopt: name=ins-zv_siga
3 searchopt: name=ins-zv_sigg
3 searchopt: name=ins-zv_gamma1
3 searchopt: name=ins-zv_gamma2
3 searchopt: name=ins-zv_gamma3
3 searchopt: name=ins-zv_gamma4
3 searchopt: name=ins-odo_dir
3 searchopt: name=ins-odo_all
3 searchopt: name=ins-odo_res
3 searchopt: name=ins-odo_s
3 searchopt: name=ins-odo_d
3 searchopt: name=ins-odo_odt
3 searchopt: name=ins-odo_ostd
3 searchopt: name=ins-odo_lever1
3 searchopt: name=ins-odo_lever2
3 searchopt: name=ins-odo_lever3
3 searchopt: name=ins-vo-aid-calib-f
3 searchopt: name=ins-vo-aid-calib-fu
3 searchopt: name=ins-vo-aid-calib-fv
3 searchopt: name=ins-vo-aid-calib-cu
3 searchopt: name=ins-vo-aid-calib-cv
3 searchopt: name=ins-vo-aid-height
3 searchopt: name=ins-vo-aid-inlier-thres
3 searchopt: name=ins-vo-aid-motion-thres
3 searchopt: name=ins-vo-aid-ransac-iters
3 searchopt: name=ins-vo-aid-lever1
3 searchopt: name=ins-vo-aid-lever2
3 searchopt: name=ins-vo-aid-lever3
3 searchopt: name=ins-vo-aid-rpy1
3 searchopt: name=ins-vo-aid-rpy2
3 searchopt: name=ins-vo-aid-rpy3
3 searchopt: name=ins-vo-aid-mode
3 searchopt: name=ins-vo-aid-bucket-w
3 searchopt: name=ins-vo-aid-bucket-h
3 searchopt: name=ins-vo-aid-bucket-nmax
3 getsysopts:
3 loadnav: file=rtkrcv.nav
3 open_sock: port=12345
