4    10.673: writesol: index=23
3 ins2sol: time=2019/03/28 03:17:36.0058
3 outsols :
3 outecef:
3 solution: 4    10.673: strwrite: n=0
3    10.673: writefile: fp=1519959072 n=0
5    10.673: writefile: fp=1519959072 ns=0 tick=-1249512773 fpos=454
3 outsolexs:
4    10.673: strwrite: n=0
3    10.673: writefile: fp=1519959072 n=0
5    10.673: writefile: fp=1519959072 ns=0 tick=-1249512773 fpos=454
3 outsols :
3 outpos  :
3 solution: 2046 357456   34.220300025  117.143981039    32.4732   0   0   0  30.0001  30.0001  30.0001   0.0000   0.0000  -0.0000   0.00    0.0
4    10.673: strwrite: n=133
3 outsolexs:
4    10.673: strwrite: n=0
3 outsols :
3 outins: 
4    10.673: strwrite: n=535
3 solution: 2046 357456.006  -2408693.4924   4698103.4699   3566697.4009   0    2   0    30.0001    30.0001    30.0001     0.0000     0.0000     0.0000   0.00    0.0   -0.00365    0.02720    0.01197   10.00000   10.00000   10.00000    0.00015    0.00013   -0.00019     0.0001    -0.0000   241.3553     0.3000     0.3000     0.3000     0.0103     0.0003    -0.0281     0.0000     0.0000     0.0000   0.000000   0.000000   0.000000   0.000000   0.000000   0.000000     0.018651     0.002487     0.006217     0.082703     0.054474    -9.774017 @INS@
3    10.673: inputobstc: time=2019/03/28 03:17:36.0158
3 tcigpos: update=0,time=2019/03/28 03:17:36.0158
3 updateins:
5 ins(-)=
5 time  =2019/03/28 03:17:36.006
5 attn = 0.00012 -0.00000 -118.64473
5 veln =-0.00465 -0.00916 -0.02812 accn = 0.00000  0.00000  0.00000
5 velb = 0.01027  0.00031 -0.02812 accb = 0.00000  0.00000  0.00000
5 gbias = 0.00000  0.00000  0.00000 abias= 0.00000  0.00000  0.00000
5 ins(+)=
5 time  =2019/03/28 03:17:36.016
5 attn = 0.00031 -0.00001 -118.64468
5 veln =-0.00455 -0.01007 -0.02794 accn = 0.00000  0.00000  0.00000
5 velb = 0.01102  0.00083 -0.02794 accb = 0.00000  0.00000  0.00000
5 gbias = 0.00000  0.00000  0.00000 abias= 0.00000  0.00000  0.00000
3 getQ:
3 getPhi1:
3 motion:
3 outrslt: tick=-1249512819
